Testing OCR on: c:\project\Project-Display\testimage.png

>>> MODE 1: Match Play (Time > 30s) -> Cropping Scoreboard
Raw OCR Text:
 ENG
33-1
4/20
kun Rate 85
Smith 16 9%
/Buttler 120)
WI 83 mph/133 kph

Parsed Data:
{
  "team1_name": "ENG",
  "team2_name": "kun Rate",
  "team1_score": {
    "runs": 33,
    "wickets": 1,
    "overs": "4"
  },
  "team2_score": {
    "runs": 85,
    "wickets": null,
    "overs": null
  },
  "overlay_type": null,
  "bat_team": null,
  "bowl_team": null,
  "phase": null,
  "overs_limit": null,
  "toss_team": null,
  "striker_name": null,
  "striker_runs": null,
  "striker_balls": null,
  "nonstriker_name": null,
  "nonstriker_runs": null,
  "nonstriker_balls": null,
  "speed_mph": null,
  "speed_kph": null,
  "raw_text": "ENG 33-1 4/20 kun Rate 85 Smith 16 9% /Buttler 120) WI 83 mph/133 kph"
}

==================================================

>>> MODE 2: Intro/Start (Time < 30s) -> Full Image Extraction
Raw OCR Text (First 500 chars):
 SONY
dafabet
dafabet
Life Insurance
Health Insurance
Mistic)
Life Insurance
Walis
Health Insurance
ENG
33-1
4/20
Run Rate 8.25
Smith 16(0)
/Buttler 12(1)
WI 83 mph/ 133 kph
...

Parsed Data:
{
  "team1_name": "ife Insurance Walis Health Insurance ENG",
  "team2_name": "Run Rate",
  "team1_score": {
    "runs": 33,
    "wickets": 1,
    "overs": "4"
  },
  "team2_score": {
    "runs": 8,
    "wickets": null,
    "overs": null
  },
  "overlay_type": null,
  "bat_team": null,
  "bowl_team": null,
  "phase": null,
  "overs_limit": null,
  "toss_team": null,
  "striker_name": null,
  "striker_runs": null,
  "striker_balls": null,
  "nonstriker_name": null,
  "nonstriker_runs": null,
  "nonstriker_balls": null,
  "speed_mph": null,
  "speed_kph": null,
  "raw_text": "SONY dafabet dafabet Life Insurance Health Insurance Mistic) Life Insurance Walis Health Insurance ENG 33-1 4/20 Run Rate 8.25 Smith 16(0) /Buttler 12(1) WI 83 mph/ 133 kph"
}
